============================= test session starts =============================
platform win32 -- Python 3.12.2, pytest-8.3.4, pluggy-1.6.0
rootdir: D:\NovaSight
configfile: pytest.ini
plugins: anyio-4.13.0, Faker-33.1.0, cov-6.0.0, flask-1.3.0
collected 43 items

tests\unit\test_chart_mapper.py ...............                          [ 34%]
tests\unit\test_dashboard_mapper.py .......                              [ 51%]
tests\integration\test_superset_charts.py ...                            [ 58%]
tests\integration\test_superset_dashboards.py ...                        [ 65%]
tests\integration\test_superset_sqllab.py ....                           [ 74%]
tests\integration\test_superset_permissions.py ...........               [100%]

============================== warnings summary ===============================
C:\Users\ahmed\AppData\Roaming\Python\Python312\site-packages\_pytest\config\__init__.py:1441
  C:\Users\ahmed\AppData\Roaming\Python\Python312\site-packages\_pytest\config\__init__.py:1441: PytestConfigWarning: Unknown config option: timeout
  
    self._warn_or_fail_if_strict(f"Unknown config option: {key}\n")

backend/tests/integration/test_superset_charts.py::test_chart_create_injects_database_id
  C:\Users\ahmed\AppData\Roaming\Python\Python312\site-packages\requests\__init__.py:113: RequestsDependencyWarning: urllib3 (2.4.0) or chardet (7.4.3)/charset_normalizer (3.4.2) doesn't match a supported version!
    warnings.warn(

-- Docs: https://docs.pytest.org/en/stable/how-to/capture-warnings.html
======================= 43 passed, 2 warnings in 45.26s =======================
